$ cargo build --locked --workspace
   Compiling syn v3.0.5
   Compiling syn v2.0.119
   Compiling serde_json v1.0.151
   Compiling rusqlite v0.40.2
   Compiling darling_core v0.24.1
   Compiling serde_derive_internals v0.30.0
   Compiling synstructure v0.13.2
   Compiling darling_core v0.21.3
   Compiling serde_derive v1.0.229
   Compiling zerovec-derive v0.11.6
   Compiling displaydoc v0.2.7
   Compiling tokio-macros v2.7.2
   Compiling futures-macro v0.3.34
   Compiling thiserror-impl v2.0.20
   Compiling tokio v1.53.1
   Compiling ref-cast-impl v1.0.27
   Compiling schemars_derive v1.2.2
   Compiling async-trait v0.1.92
   Compiling zerocopy-derive v0.8.57
   Compiling zerofrom-derive v0.1.7
   Compiling yoke-derive v0.8.2
   Compiling futures-util v0.3.34
   Compiling tracing-attributes v0.1.31
   Compiling thiserror v2.0.20
   Compiling ref-cast v1.0.27
   Compiling zerofrom v0.1.8
   Compiling zerocopy v0.8.57
   Compiling darling_macro v0.24.1
   Compiling darling_macro v0.21.3
   Compiling serde v1.0.229
   Compiling darling v0.24.1
   Compiling binrw_derive v0.15.2
   Compiling darling v0.21.3
   Compiling tracing v0.1.44
   Compiling yoke v0.8.3
   Compiling futures-executor v0.3.34
   Compiling futures v0.3.34
   Compiling sse-stream v0.2.6
   Compiling hyper v1.11.1
   Compiling tokio-rustls v0.26.5
   Compiling tokio-util v0.7.19
   Compiling chrono v0.4.45
   Compiling rmcp-macros v3.2.0
   Compiling serde_urlencoded v0.7.1
   Compiling tokio-stream v0.1.19
   Compiling enumset_derive v0.15.0
   Compiling binrw v0.15.2
   Compiling schemars v1.2.2
   Compiling tower v0.5.3
   Compiling hyper-util v0.1.20
   Compiling axum-core v0.5.6
   Compiling zerovec v0.11.8
   Compiling zerotrie v0.2.5
   Compiling enumset v1.1.14
   Compiling half v2.7.1
   Compiling ahash v0.8.12
   Compiling ppv-lite86 v0.2.21
   Compiling arrow-buffer v59.3.0
   Compiling rand_chacha v0.9.0
   Compiling hyper-rustls v0.27.9
   Compiling rand v0.9.5
   Compiling axum v0.8.9
   Compiling arrow-data v59.3.0
   Compiling mcap v0.25.0
   Compiling arrow-array v59.3.0
   Compiling tinystr v0.8.4
   Compiling potential_utf v0.1.6
   Compiling icu_collections v2.3.0
   Compiling icu_locale_core v2.3.0
   Compiling icu_provider v2.3.1
   Compiling arrow-select v59.3.0
   Compiling arrow-arith v59.3.0
   Compiling arrow-row v59.3.0
   Compiling icu_properties v2.3.0
   Compiling icu_normalizer v2.3.0
   Compiling idna_adapter v1.2.2
   Compiling idna v1.1.0
   Compiling url v2.5.8
   Compiling tower-http v0.6.11
   Compiling arrow-ord v59.3.0
   Compiling arrow-string v59.3.0
   Compiling arrow-ipc v59.3.0
   Compiling reqwest v0.13.5
   Compiling arrow-cast v59.3.0
   Compiling rmcp v3.2.0
   Compiling arrow v59.3.0
   Compiling chronograph-db v0.3.0 (<workspace>/crates/chronograph-core)
   Compiling chronograph-connector-common v0.3.0 (<workspace>/crates/chronograph-connector-common)
   Compiling chronograph-bench v0.3.0 (<workspace>/crates/chronograph-bench)
   Compiling chronograph-conn-bci v0.3.0 (<workspace>/crates/chronograph-conn-bci)
   Compiling chronograph-conn-robotics v0.3.0 (<workspace>/crates/chronograph-conn-robotics)
   Compiling chronograph-server v0.3.0 (<workspace>/crates/chronograph-server)
    Finished `dev` profile [unoptimized + debuginfo] target(s) in 27.76s
