$ cargo clippy --locked --workspace --all-targets -- -D warnings
    Checking zerocopy v0.8.57
    Checking serde v1.0.229
    Checking thiserror v2.0.20
    Checking serde_json v1.0.151
    Checking zerofrom v0.1.8
    Checking tokio v1.53.1
    Checking futures-util v0.3.34
    Checking tracing v0.1.44
   Compiling zstd-sys v2.1.0+zstd.1.5.7
    Checking ref-cast v1.0.27
   Compiling lz4-sys v1.11.1+lz4-1.10.0
    Checking yoke v0.8.3
   Compiling libsqlite3-sys v0.38.2
    Checking axum-core v0.5.6
    Checking zerovec v0.11.8
    Checking zerotrie v0.2.5
    Checking chrono v0.4.45
    Checking serde_urlencoded v0.7.1
    Checking tinystr v0.8.4
    Checking potential_utf v0.1.6
   Compiling rmcp-macros v3.2.0
    Checking icu_collections v2.3.0
    Checking icu_locale_core v2.3.0
    Checking schemars v1.2.2
    Checking bytemuck v1.25.2
    Checking array-init v2.1.0
    Checking icu_provider v2.3.1
    Checking enumset v1.1.14
    Checking binrw v0.15.2
    Checking icu_normalizer v2.3.0
    Checking icu_properties v2.3.0
    Checking num_cpus v1.17.0
    Checking futures-executor v0.3.34
    Checking sse-stream v0.2.6
    Checking bimap v0.6.3
    Checking futures v0.3.34
    Checking fallible-iterator v0.3.0
    Checking fallible-streaming-iterator v0.1.9
    Checking byteorder v1.5.0
    Checking static_assertions v1.1.0
    Checking tinytemplate v1.2.1
    Checking idna_adapter v1.2.2
    Checking idna v1.1.0
    Checking hyper v1.11.1
    Checking half v2.7.1
    Checking ahash v0.8.12
    Checking ppv-lite86 v0.2.21
    Checking arrow-buffer v59.3.0
    Checking rand_chacha v0.9.0
    Checking rand v0.9.5
    Checking hyper-util v0.1.20
    Checking tower v0.5.3
    Checking arrow-data v59.3.0
    Checking url v2.5.8
    Checking tokio-util v0.7.19
    Checking arrow-array v59.3.0
    Checking tokio-rustls v0.26.5
    Checking tower-http v0.6.11
    Checking tokio-stream v0.1.19
    Checking hyper-rustls v0.27.9
    Checking axum v0.8.9
    Checking reqwest v0.13.5
    Checking ciborium-ll v0.2.2
    Checking proptest v1.11.0
    Checking rusqlite v0.40.2
    Checking ciborium v0.2.2
    Checking lz4 v1.28.1
    Checking criterion v0.8.2
    Checking rmcp v3.2.0
    Checking arrow-select v59.3.0
    Checking arrow-row v59.3.0
    Checking arrow-arith v59.3.0
   Compiling zstd-safe v7.3.0
    Checking arrow-ord v59.3.0
    Checking arrow-ipc v59.3.0
    Checking arrow-string v59.3.0
    Checking zstd v0.13.3
    Checking mcap v0.25.0
    Checking arrow-cast v59.3.0
    Checking arrow v59.3.0
    Checking chronograph-db v0.3.0 (<workspace>/crates/chronograph-core)
    Checking chronograph-connector-common v0.3.0 (<workspace>/crates/chronograph-connector-common)
    Checking chronograph-conn-bci v0.3.0 (<workspace>/crates/chronograph-conn-bci)
    Checking chronograph-bench v0.3.0 (<workspace>/crates/chronograph-bench)
    Checking chronograph-conn-robotics v0.3.0 (<workspace>/crates/chronograph-conn-robotics)
    Checking chronograph-server v0.3.0 (<workspace>/crates/chronograph-server)
    Finished `dev` profile [unoptimized + debuginfo] target(s) in 12.21s
