Inventory: 423 dependencies, 423 with upstream license texts
{
  "version": "0.3.0",
  "edition": "community",
  "status": "unsigned local candidate",
  "target": "aarch64-apple-darwin",
  "publication": "deferred",
  "artifacts": [
    {
      "file": "chronograph-community-0.3.0-source.tar.gz",
      "bytes": 4755804,
      "sha256": "d0d8016a925c4f992e4d39c5fef3281ebb936423fc44c750c1184738ee434050"
    },
    {
      "file": "chronograph-community-0.3.0-aarch64-apple-darwin.tar.gz",
      "bytes": 9565097,
      "sha256": "e4159024cea00791bce5600dd69ee199c9c3373ec83e781a9eee1696db9f0ca2"
    }
  ],
  "sbom": "SBOM.spdx.json inside each bundle; workspace dependency inventory, not a binary reachability proof",
  "source_files": 1020
}
