   Compiling proc-macro2 v1.0.107
   Compiling either v1.18.0
   Compiling zstd-sys v2.1.0+zstd.1.5.7
   Compiling fnv v1.0.7
   Compiling lz4-sys v1.11.1+lz4-1.10.0
   Compiling memoffset v0.9.1
   Compiling binrw_derive v0.15.2
   Compiling zstd-safe v7.3.0
   Compiling vcpkg v0.2.15
   Compiling owo-colors v4.4.0
   Compiling unicode-xid v0.2.6
   Compiling paste v1.0.15
   Compiling rayon v1.12.0
   Compiling rustversion v1.0.23
   Compiling binrw v0.15.2
   Compiling unicode-properties v0.1.4
   Compiling libsqlite3-sys v0.38.2
   Compiling oq3_lexer v0.7.0
   Compiling text-size v1.1.1
   Compiling ra_ap_limit v0.0.188
   Compiling rustc-hash v1.1.0
   Compiling drop_bomb v0.1.5
   Compiling bytemuck v1.25.2
   Compiling countme v3.0.1
   Compiling xshell-macros v0.2.7
   Compiling array-init v2.1.0
   Compiling hashbrown v0.14.5
   Compiling xshell v0.2.7
   Compiling rowan v0.15.15
   Compiling quote v1.0.47
   Compiling oq3_parser v0.7.0
   Compiling syn v3.0.5
   Compiling syn v2.0.119
   Compiling itertools v0.10.5
   Compiling num_cpus v1.17.0
   Compiling cov-mark v2.2.0
   Compiling bimap v0.6.3
   Compiling fallible-streaming-iterator v0.1.9
   Compiling static_assertions v1.1.0
   Compiling byteorder v1.5.0
   Compiling fallible-iterator v0.3.0
   Compiling smol_str v0.2.2
   Compiling triomphe v0.1.11
   Compiling darling_core v0.24.1
   Compiling synstructure v0.13.2
   Compiling darling_core v0.21.3
   Compiling serde_derive v1.0.229
   Compiling thiserror-impl v2.0.20
   Compiling zerovec-derive v0.11.6
   Compiling zerocopy-derive v0.8.57
   Compiling thiserror v2.0.20
   Compiling zerofrom-derive v0.1.7
   Compiling yoke-derive v0.8.2
   Compiling displaydoc v0.2.7
   Compiling tokio-macros v2.7.2
   Compiling futures-macro v0.3.34
   Compiling zerocopy v0.8.57
   Compiling tracing-attributes v0.1.31
   Compiling tokio v1.53.1
   Compiling zerofrom v0.1.8
   Compiling serde v1.0.229
   Compiling darling_macro v0.21.3
   Compiling futures-util v0.3.34
   Compiling darling_macro v0.24.1
   Compiling ref-cast-impl v1.0.27
   Compiling yoke v0.8.3
   Compiling tracing v0.1.44
   Compiling serde_derive_internals v0.30.0
   Compiling chrono v0.4.45
   Compiling schemars_derive v1.2.2
   Compiling zerovec v0.11.8
   Compiling zerotrie v0.2.5
   Compiling ref-cast v1.0.27
   Compiling darling v0.24.1
   Compiling half v2.7.1
   Compiling ahash v0.8.12
   Compiling ppv-lite86 v0.2.21
   Compiling arrow-buffer v59.3.0
   Compiling tinystr v0.8.4
   Compiling rand_chacha v0.9.0
   Compiling icu_locale_core v2.3.0
   Compiling potential_utf v0.1.6
   Compiling icu_collections v2.3.0
   Compiling rand v0.9.5
   Compiling futures-executor v0.3.34
   Compiling darling v0.21.3
   Compiling rmcp-macros v3.2.0
   Compiling futures v0.3.34
   Compiling arrow-data v59.3.0
   Compiling proptest v1.11.0
   Compiling enumset_derive v0.15.0
   Compiling icu_provider v2.3.1
   Compiling icu_properties v2.3.0
   Compiling icu_normalizer v2.3.0
   Compiling arrow-array v59.3.0
   Compiling hyper v1.11.1
   Compiling tower v0.5.3
   Compiling idna_adapter v1.2.2
   Compiling idna v1.1.0
   Compiling tokio-util v0.7.19
   Compiling hyper-util v0.1.20
   Compiling url v2.5.8
   Compiling tokio-rustls v0.26.5
   Compiling tower-http v0.6.11
   Compiling arrow-select v59.3.0
   Compiling arrow-row v59.3.0
   Compiling arrow-arith v59.3.0
   Compiling hyper-rustls v0.27.9
   Compiling reqwest v0.13.5
   Compiling tokio-stream v0.1.19
   Compiling sse-stream v0.2.6
   Compiling schemars v1.2.2
   Compiling axum-core v0.5.6
   Compiling serde_urlencoded v0.7.1
   Compiling async-trait v0.1.92
   Compiling arrow-ord v59.3.0
   Compiling arrow-string v59.3.0
   Compiling arrow-ipc v59.3.0
   Compiling arrow-cast v59.3.0
   Compiling rmcp v3.2.0
   Compiling arrow v59.3.0
   Compiling lz4 v1.28.1
   Compiling chronograph-db v0.3.0 (<workspace>/crates/chronograph-core)
   Compiling chronograph-connector-common v0.3.0 (<workspace>/crates/chronograph-connector-common)
   Compiling axum v0.8.9
   Compiling zstd v0.13.3
   Compiling enumset v1.1.14
   Compiling mcap v0.25.0
   Compiling chronograph-conn-worldmodel v0.3.0 (<workspace>/crates/chronograph-conn-worldmodel)
   Compiling rusqlite v0.40.2
   Compiling oq3_syntax v0.7.0
   Compiling chronograph-bench v0.3.0 (<workspace>/crates/chronograph-bench)
   Compiling chronograph-conn-robotics v0.3.0 (<workspace>/crates/chronograph-conn-robotics)
   Compiling chronograph-conn-bci v0.3.0 (<workspace>/crates/chronograph-conn-bci)
   Compiling chronograph-conn-quantum v0.3.0 (<workspace>/crates/chronograph-conn-quantum)
   Compiling chronograph-server v0.3.0 (<workspace>/crates/chronograph-server)
    Finished `release` profile [optimized] target(s) in 2m 04s
